pytest -s -v --cov=Primavera_REST_Api --cov-report=html